[2026-10-06T21:56:58.585] [DEBUG] debug-file - env: nodejsVersion=v18.20.1
[2026-10-06T21:56:58.769] [DEBUG] debug-file - Hvigor init with startParameters:{
  hvigorfileTypeCheck: false,
  parallelExecution: true,
  incrementalExecution: true,
  printStackTrace: false,
  daemon: false,
  analyze: 0,
  logLevel: Level { level: 20000, levelStr: 'INFO', colour: 'green' },
  optimizationStrategy: 'memory',
  hotCompile: undefined,
  hotReloadBuild: undefined,
  customizedParam: undefined
}
[2026-10-06T21:56:59.845] [DEBUG] debug-file - hvigorfile, require result:  { default: { system: [Function: appTasks], plugins: [] } }
[2026-10-06T21:56:59.846] [DEBUG] debug-file - Starting plugin build process
[2026-10-06T21:56:59.953] [DEBUG] debug-file - App plugin register hook start...
[2026-10-06T21:56:59.955] [DEBUG] debug-file - Start initialize project's product build option map with build mode debug.
[2026-10-06T21:56:59.956] [DEBUG] debug-file - Obtain build option for product 'default'in this build.
[2026-10-06T21:56:59.961] [DEBUG] debug-file - Start recording SDK configuration permission data.
[2026-10-06T21:56:59.989] [DEBUG] debug-file - Project task initialization takes 3 ms 
[2026-10-06T21:56:59.994] [DEBUG] debug-file - failed to load cangjie to dynamically generate schemas: Error: Cannot find module '@ohos/cangjie-build-support/index'
Require stack:
- /Applications/DevEco-Studio.app/Contents/tools/hvigor/hvigor-ohos-plugin/src/plugin/hooks/cangjie-register.js
- /Applications/DevEco-Studio.app/Contents/tools/hvigor/hvigor-ohos-plugin/src/plugin/strategy/stage-init-strategy.js
- /Applications/DevEco-Studio.app/Contents/tools/hvigor/hvigor-ohos-plugin/src/plugin/builder/abstract-plugin-builder.js
- /Applications/DevEco-Studio.app/Contents/tools/hvigor/hvigor-ohos-plugin/src/plugin/builder/app-plugin-builder.js
- /Applications/DevEco-Studio.app/Contents/tools/hvigor/hvigor-ohos-plugin/src/plugin/factory/plugin-factory.js
- /Applications/DevEco-Studio.app/Contents/tools/hvigor/hvigor-ohos-plugin/index.js
- /Users/aayushkumar/Desktop/HarmonyOSToDoApp/hvigorfile.ts
- /Applications/DevEco-Studio.app/Contents/tools/hvigor/hvigor/src/base/internal/lifecycle/configuration.js
- /Applications/DevEco-Studio.app/Contents/tools/hvigor/hvigor/src/base/boot/index.js
- /Applications/DevEco-Studio.app/Contents/tools/hvigor/hvigor/src/cli/main/cli.js
- /Applications/DevEco-Studio.app/Contents/tools/hvigor/hvigor/bin/hvigor.js
[2026-10-06T21:57:00.004] [DEBUG] debug-file - start to load updatedOhPackageInfo to the disk
[2026-10-06T21:57:00.004] [DEBUG] debug-file - project has submodules:entry
[2026-10-06T21:57:00.007] [DEBUG] debug-file - Start to initialize dependency information.
[2026-10-06T21:57:00.011] [DEBUG] debug-file - entry : clean cost memory 0.1025390625
[2026-10-06T21:57:00.000] [DEBUG] debug-file - Start initialize module-target build option map, moduleName=entry, buildMode=release
[2026-10-06T21:56:58.586] [DEBUG] debug-file - env: hvigor-config.json5 content = { modelVersion: '6.1.1', dependencies: {} }
[2026-10-06T21:56:58.770] [DEBUG] debug-file - Since current hvigor version 6.24.4 differs from last hvigor version 
      undefined, delete file-cache.json and task-cache.json.
[2026-10-06T21:57:00.021] [DEBUG] debug-file - Create  resident worker with id: 0.
[2026-10-06T21:56:59.846] [DEBUG] debug-file - hvigorfile, binding system plugins [Function: appTasks]
[2026-10-06T21:56:59.846] [DEBUG] debug-file - App plugin prepare start...
[2026-10-06T21:56:59.954] [DEBUG] debug-file - App plugin register hook end...
[2026-10-06T21:56:59.955] [DEBUG] debug-file - Picking option from product 'default' with build mode 'debug'.
[2026-10-06T21:56:59.957] [DEBUG] debug-file - No signingConfig found, initRemoteHspCache failed.
[2026-10-06T21:56:59.985] [DEBUG] debug-file - Sdk init in 28 ms 
[2026-10-06T21:56:59.989] [DEBUG] debug-file - hvigorfile, begin to bind custom plugins...
[2026-10-06T21:57:00.005] [DEBUG] debug-file - load to the disk finished
[2026-10-06T21:57:00.008] [DEBUG] debug-file - Module entry Collected Dependency: 
[2026-10-06T21:57:00.011] [DEBUG] debug-file - runTaskFromQueue task cost before running: 1 s 246 ms 
[2026-10-06T21:57:00.000] [DEBUG] debug-file - Target 'default' config initialized
[2026-10-06T21:56:58.587] [DEBUG] debug-file - env: daemon=false
[2026-10-06T21:56:58.770] [DEBUG] debug-file - Cache service initialization finished in 1 ms 
[2026-10-06T21:57:00.022] [DEBUG] debug-file - Create  resident worker with id: 1.
[2026-10-06T21:56:59.846] [DEBUG] debug-file - App plugin prepare end...
[2026-10-06T21:56:59.954] [DEBUG] debug-file - Plugin build process completed
[2026-10-06T21:56:59.958] [DEBUG] debug-file - Local scan or download HarmonyOS sdk components toolchains,ets,js,native,previewer
[2026-10-06T21:56:59.955] [DEBUG] debug-file - Product 'default' build option initialized
[2026-10-06T21:56:59.989] [DEBUG] debug-file - hvigorfile, no custom plugins were found in /Users/aayushkumar/Desktop/HarmonyOSToDoApp/hvigorfile.ts
[2026-10-06T21:57:00.012] [INFO] debug-file - Finished :entry:clean... after 1 ms 
[2026-10-06T21:57:00.006] [DEBUG] debug-file - Start to initialize dependency information.
[2026-10-06T21:57:00.008] [DEBUG] debug-file - Module entry's total dependency: 0
[2026-10-06T21:57:00.000] [DEBUG] debug-file - Module 'entry' target 'default' build option initialized
[2026-10-06T21:56:58.587] [DEBUG] debug-file - no-daemon, use the parent process.execArgv --max-old-space-size=8192,--max-semi-space-size=16,--expose-gc
[2026-10-06T21:56:58.771] [DEBUG] debug-file - hvigorfile, resolving /Users/aayushkumar/Desktop/HarmonyOSToDoApp/hvigorfile.ts
[2026-10-06T21:57:00.023] [DEBUG] debug-file - Current worker pool is stopped or closed.
[2026-10-06T21:56:59.846] [DEBUG] debug-file - App plugin creating...
[2026-10-06T21:56:59.959] [DEBUG] debug-file - Local scan or download hmscore sdk components toolchains,ets,native
[2026-10-06T21:56:59.955] [DEBUG] debug-file - End initialize project's product build option map with build mode 'debug'.
[2026-10-06T21:57:00.012] [DEBUG] debug-file - Executing task ::clean
[2026-10-06T21:56:59.989] [DEBUG] debug-file - hvigorfile, resolve finished /Users/aayushkumar/Desktop/HarmonyOSToDoApp/hvigorfile.ts
[2026-10-06T21:57:00.006] [DEBUG] debug-file - Module HarmonyOSToDoApp Collected Dependency: 
[2026-10-06T21:57:00.009] [DEBUG] debug-file - Configuration phase cost:1 s 240 ms 
[2026-10-06T21:57:00.000] [DEBUG] debug-file - End initialize module-target build option map, moduleName=entry
[2026-10-06T21:57:00.023] [DEBUG] debug-file - Clear worker 0.
[2026-10-06T21:57:00.012] [DEBUG] debug-file - clean: Worker pool is inactive.
[2026-10-06T21:57:00.010] [DEBUG] debug-file - Configuration task cost before running: 1 s 245 ms 
[2026-10-06T21:56:59.989] [DEBUG] debug-file - hvigorfile, resolving /Users/aayushkumar/Desktop/HarmonyOSToDoApp/entry/hvigorfile.ts
[2026-10-06T21:57:00.000] [DEBUG] debug-file - Start initialize module-target build option map, moduleName=entry, buildMode=debug
[2026-10-06T21:57:00.012] [DEBUG] debug-file - HarmonyOSToDoApp : clean cost memory 0.0196380615234375
[2026-10-06T21:57:00.011] [DEBUG] debug-file - Executing task :entry:clean
[2026-10-06T21:57:00.006] [DEBUG] debug-file - Module HarmonyOSToDoApp's total dependency: 0
[2026-10-06T21:57:00.000] [DEBUG] debug-file - Target 'default' config initialized
[2026-10-06T21:57:00.012] [DEBUG] debug-file - runTaskFromQueue task cost before running: 1 s 247 ms 
[2026-10-06T21:56:59.993] [DEBUG] debug-file - hvigorfile, require result:  { default: { system: [Function: hapTasks], plugins: [] } }
[2026-10-06T21:57:00.000] [DEBUG] debug-file - Module 'entry' target 'default' build option initialized
[2026-10-06T21:57:00.012] [INFO] debug-file - Finished ::clean... after 1 ms 
[2026-10-06T21:56:59.993] [DEBUG] debug-file - hvigorfile, binding system plugins [Function: hapTasks]
[2026-10-06T21:57:00.011] [DEBUG] debug-file - clean: Worker pool is inactive.
[2026-10-06T21:57:00.000] [DEBUG] debug-file - End initialize module-target build option map, moduleName=entry
[2026-10-06T21:57:00.012] [DEBUG] debug-file - Executing task :entry:init
[2026-10-06T21:56:59.993] [DEBUG] debug-file - Starting plugin build process
[2026-10-06T21:57:00.023] [DEBUG] debug-file - Worker 0 has been cleared.
[2026-10-06T21:57:00.000] [DEBUG] debug-file - Start initialize module-target build option map, moduleName=entry, buildMode=debug
[2026-10-06T21:57:00.012] [DEBUG] debug-file - entry : init cost memory 0.01275634765625
[2026-10-06T21:56:59.993] [DEBUG] debug-file - Hap plugin creating...
[2026-10-06T21:57:00.000] [DEBUG] debug-file - Target 'default' config initialized
[2026-10-06T21:57:00.000] [DEBUG] debug-file - Module 'entry' target 'default' build option initialized
[2026-10-06T21:57:00.023] [DEBUG] debug-file - Current idle worker size: 1.
[2026-10-06T21:57:00.013] [DEBUG] debug-file - runTaskFromQueue task cost before running: 1 s 247 ms 
[2026-10-06T21:57:00.000] [DEBUG] debug-file - End initialize module-target build option map, moduleName=entry
[2026-10-06T21:57:00.023] [DEBUG] debug-file - Current busy worker size: 0.
[2026-10-06T21:57:00.013] [INFO] debug-file - Finished :entry:init... after 1 ms 
[2026-10-06T21:57:00.000] [DEBUG] debug-file - Obtain build option for module 'entry' target 'default'in this build.
[2026-10-06T21:57:00.023] [DEBUG] debug-file - Clear worker 1.
[2026-10-06T21:57:00.013] [DEBUG] debug-file - Executing task ::init
[2026-10-06T21:57:00.023] [DEBUG] debug-file - Worker 1 has been cleared.
[2026-10-06T21:57:00.003] [DEBUG] debug-file - Module entry task initialization takes 3 ms 
[2026-10-06T21:57:00.013] [DEBUG] debug-file - HarmonyOSToDoApp : init cost memory 0.01190185546875
[2026-10-06T21:57:00.023] [DEBUG] debug-file - Current idle worker size: 0.
[2026-10-06T21:57:00.003] [DEBUG] debug-file - Hap plugin register hook start...
[2026-10-06T21:57:00.013] [DEBUG] debug-file - runTaskFromQueue task cost before running: 1 s 247 ms 
[2026-10-06T21:57:00.023] [DEBUG] debug-file - Current busy worker size: 0.
[2026-10-06T21:57:00.013] [INFO] debug-file - Finished ::init... after 1 ms 
[2026-10-06T21:57:00.003] [DEBUG] debug-file - Hap plugin register hook end...
[2026-10-06T21:57:00.024] [DEBUG] debug-file - hvigor build process will be closed.
[2026-10-06T21:57:00.014] [DEBUG] debug-file - Obtain build option for module 'entry' target 'default'in this build.
[2026-10-06T21:57:00.003] [DEBUG] debug-file - Plugin build process completed
[2026-10-06T21:57:00.026] [DEBUG] debug-file - worker[0] exits with exit code 0.
[2026-10-06T21:57:00.019] [DEBUG] debug-file - Since there is no instance or instance is terminated, create a new worker pool.
[2026-10-06T21:57:00.003] [DEBUG] debug-file - hvigorfile, begin to bind custom plugins...
[2026-10-06T21:57:00.026] [DEBUG] debug-file - worker[1] exits with exit code 0.
[2026-10-06T21:57:00.019] [DEBUG] debug-file - Worker pool is initialized with config:  {
  minPoolNum: 2,
  maxPoolNum: undefined,
  maxCoreSize: undefined,
  cacheCapacity: undefined,
  cacheTtl: undefined
}
[2026-10-06T21:57:00.003] [DEBUG] debug-file - hvigorfile, no custom plugins were found in /Users/aayushkumar/Desktop/HarmonyOSToDoApp/entry/hvigorfile.ts
[2026-10-06T21:57:00.026] [DEBUG] debug-file - Current worker pool is terminated.
[2026-10-06T21:57:00.003] [DEBUG] debug-file - hvigorfile, resolve finished /Users/aayushkumar/Desktop/HarmonyOSToDoApp/entry/hvigorfile.ts
[2026-10-06T21:57:13.402] [DEBUG] debug-file - env: nodejsVersion=v18.20.1
[2026-10-06T21:57:13.408] [DEBUG] debug-file - begin to create new key files
[2026-10-06T21:57:13.402] [DEBUG] debug-file - env: hvigor-config.json5 content = { modelVersion: '6.1.1', dependencies: {} }
[2026-10-06T21:57:13.417] [DEBUG] debug-file - env: daemon=true
[2026-10-06T21:57:13.645] [DEBUG] debug-file - hvigor java daemon: Starting java daemon. jvmXmxValue=512m, jarPath=/Applications/DevEco-Studio.app/Contents/tools/hvigor/hvigor/lib/hvigor-java-daemon.jar
[2026-10-06T21:57:13.645] [DEBUG] debug-file - hvigor java daemon: Read cache file, 
    port=undefined, pid=undefined, sessionId exists=false
[2026-10-06T21:57:13.646] [DEBUG] debug-file - hvigor java daemon: Killing existing java daemon by grep
[2026-10-06T21:57:13.701] [DEBUG] debug-file - hvigor java daemon: No valid cache info, will start new daemon
[2026-10-06T21:57:13.708] [DEBUG] debug-file - java daemon started at port 45050 pid 14357
[2026-10-06T21:57:13.736] [DEBUG] debug-file - session manager: set active socket. socketId=ZkTrYKjxCrG2LqntAAAB
[2026-10-06T21:57:13.969] [DEBUG] debug-file - watch worker: worker id should be larger than 0. Nothing will be sent to any worker thread.
[2026-10-06T21:57:13.971] [DEBUG] debug-file - Since there is no instance or instance is terminated, create a new worker pool.
[2026-10-06T21:57:13.971] [DEBUG] debug-file - Worker pool is initialized with config:  {
  minPoolNum: 2,
  maxPoolNum: undefined,
  maxCoreSize: undefined,
  cacheCapacity: undefined,
  cacheTtl: undefined
}
[2026-10-06T21:57:13.971] [DEBUG] debug-file - Create  resident worker with id: 0.
[2026-10-06T21:57:13.973] [DEBUG] debug-file - Create  resident worker with id: 1.
[2026-10-06T21:57:13.974] [DEBUG] debug-file - Workers' log level updated to INFO
[2026-10-06T21:57:13.977] [DEBUG] debug-file - Hvigor init with startParameters:{
  hvigorfileTypeCheck: false,
  parallelExecution: true,
  incrementalExecution: true,
  printStackTrace: false,
  daemon: true,
  analyze: 0,
  logLevel: Level { level: 20000, levelStr: 'INFO', colour: 'green' },
  optimizationStrategy: 'memory',
  hotCompile: undefined,
  hotReloadBuild: undefined,
  customizedParam: undefined
}
[2026-10-06T21:57:13.978] [DEBUG] debug-file - Cache service initialization finished in 1 ms 
[2026-10-06T21:57:13.980] [DEBUG] debug-file - hvigorfile, resolving /Users/aayushkumar/Desktop/HarmonyOSToDoApp/hvigorfile.ts
[2026-10-06T21:57:14.736] [DEBUG] debug-file - hvigorfile, require result:  { default: { plugins: [] } }
[2026-10-06T21:57:14.737] [DEBUG] debug-file - hvigorfile, binding system plugins null
[2026-10-06T21:57:14.737] [DEBUG] debug-file - Starting plugin build process
[2026-10-06T21:57:14.737] [DEBUG] debug-file - App plugin prepare start...
[2026-10-06T21:57:14.737] [DEBUG] debug-file - App plugin prepare end...
[2026-10-06T21:57:14.737] [DEBUG] debug-file - App plugin creating...
[2026-10-06T21:57:14.835] [DEBUG] debug-file - App plugin register hook start...
[2026-10-06T21:57:14.836] [DEBUG] debug-file - App plugin register hook end...
[2026-10-06T21:57:14.836] [DEBUG] debug-file - Plugin build process completed
[2026-10-06T21:57:14.836] [DEBUG] debug-file - Start initialize project's product build option map with build mode debug.
[2026-10-06T21:57:14.836] [DEBUG] debug-file - Picking option from product 'default' with build mode 'debug'.
[2026-10-06T21:57:14.836] [DEBUG] debug-file - Product 'default' build option initialized
[2026-10-06T21:57:14.837] [DEBUG] debug-file - End initialize project's product build option map with build mode 'debug'.
[2026-10-06T21:57:14.837] [DEBUG] debug-file - Obtain build option for product 'default'in this build.
[2026-10-06T21:57:14.838] [DEBUG] debug-file - No signingConfig found, initRemoteHspCache failed.
[2026-10-06T21:57:14.839] [DEBUG] debug-file - Local scan or download HarmonyOS sdk components toolchains,ets,js,native,previewer
[2026-10-06T21:57:14.840] [DEBUG] debug-file - Local scan or download hmscore sdk components toolchains,ets,native
[2026-10-06T21:57:14.841] [DEBUG] debug-file - Start recording SDK configuration permission data.
[2026-10-06T21:57:14.865] [DEBUG] debug-file - Sdk init in 27 ms 
[2026-10-06T21:57:14.868] [DEBUG] debug-file - Project task initialization takes 3 ms 
[2026-10-06T21:57:14.868] [DEBUG] debug-file - hvigorfile, begin to bind custom plugins...
[2026-10-06T21:57:14.868] [DEBUG] debug-file - hvigorfile, no custom plugins were found in /Users/aayushkumar/Desktop/HarmonyOSToDoApp/hvigorfile.ts
[2026-10-06T21:57:14.868] [DEBUG] debug-file - hvigorfile, resolve finished /Users/aayushkumar/Desktop/HarmonyOSToDoApp/hvigorfile.ts
[2026-10-06T21:57:14.868] [DEBUG] debug-file - hvigorfile, resolving /Users/aayushkumar/Desktop/HarmonyOSToDoApp/entry/hvigorfile.ts
[2026-10-06T21:57:14.871] [DEBUG] debug-file - hvigorfile, require result:  { default: { plugins: [] } }
[2026-10-06T21:57:14.871] [DEBUG] debug-file - hvigorfile, binding system plugins null
[2026-10-06T21:57:14.872] [DEBUG] debug-file - Starting plugin build process
[2026-10-06T21:57:14.872] [DEBUG] debug-file - Hap plugin creating...
[2026-10-06T21:57:14.872] [DEBUG] debug-file - failed to load cangjie to dynamically generate schemas: Error: Cannot find module '@ohos/cangjie-build-support/index'
Require stack:
- /Applications/DevEco-Studio.app/Contents/tools/hvigor/hvigor-ohos-plugin/src/plugin/hooks/cangjie-register.js
- /Applications/DevEco-Studio.app/Contents/tools/hvigor/hvigor-ohos-plugin/src/plugin/strategy/stage-init-strategy.js
- /Applications/DevEco-Studio.app/Contents/tools/hvigor/hvigor-ohos-plugin/src/plugin/builder/abstract-plugin-builder.js
- /Applications/DevEco-Studio.app/Contents/tools/hvigor/hvigor-ohos-plugin/src/plugin/builder/app-plugin-builder.js
- /Applications/DevEco-Studio.app/Contents/tools/hvigor/hvigor-ohos-plugin/src/plugin/factory/plugin-factory.js
- /Applications/DevEco-Studio.app/Contents/tools/hvigor/hvigor-ohos-plugin/index.js
- /Users/aayushkumar/Desktop/HarmonyOSToDoApp/hvigorfile.ts
- /Applications/DevEco-Studio.app/Contents/tools/hvigor/hvigor/src/base/internal/lifecycle/configuration.js
- /Applications/DevEco-Studio.app/Contents/tools/hvigor/hvigor/src/base/boot/index.js
- /Applications/DevEco-Studio.app/Contents/tools/hvigor/hvigor/src/base/daemon/cluster/worker-process-lifecycle.js
- /Applications/DevEco-Studio.app/Contents/tools/hvigor/hvigor/src/base/daemon/process/daemon-process-boot-script.js
[2026-10-06T21:57:14.878] [DEBUG] debug-file - Start initialize module-target build option map, moduleName=entry, buildMode=release
[2026-10-06T21:57:14.878] [DEBUG] debug-file - Target 'default' config initialized
[2026-10-06T21:57:14.878] [DEBUG] debug-file - Module 'entry' target 'default' build option initialized
[2026-10-06T21:57:14.878] [DEBUG] debug-file - End initialize module-target build option map, moduleName=entry
[2026-10-06T21:57:14.878] [DEBUG] debug-file - Start initialize module-target build option map, moduleName=entry, buildMode=debug
[2026-10-06T21:57:14.878] [DEBUG] debug-file - Target 'default' config initialized
[2026-10-06T21:57:14.878] [DEBUG] debug-file - Module 'entry' target 'default' build option initialized
[2026-10-06T21:57:14.878] [DEBUG] debug-file - End initialize module-target build option map, moduleName=entry
[2026-10-06T21:57:14.879] [DEBUG] debug-file - Start initialize module-target build option map, moduleName=entry, buildMode=debug
[2026-10-06T21:57:14.879] [DEBUG] debug-file - Target 'default' config initialized
[2026-10-06T21:57:14.879] [DEBUG] debug-file - Module 'entry' target 'default' build option initialized
[2026-10-06T21:57:14.879] [DEBUG] debug-file - End initialize module-target build option map, moduleName=entry
[2026-10-06T21:57:14.879] [DEBUG] debug-file - Obtain build option for module 'entry' target 'default'in this build.
[2026-10-06T21:57:14.881] [DEBUG] debug-file - Module entry task initialization takes 3 ms 
[2026-10-06T21:57:14.881] [DEBUG] debug-file - Hap plugin register hook start...
[2026-10-06T21:57:14.881] [DEBUG] debug-file - Hap plugin register hook end...
[2026-10-06T21:57:14.882] [DEBUG] debug-file - Plugin build process completed
[2026-10-06T21:57:14.882] [DEBUG] debug-file - hvigorfile, begin to bind custom plugins...
[2026-10-06T21:57:14.882] [DEBUG] debug-file - hvigorfile, no custom plugins were found in /Users/aayushkumar/Desktop/HarmonyOSToDoApp/entry/hvigorfile.ts
[2026-10-06T21:57:14.882] [DEBUG] debug-file - hvigorfile, resolve finished /Users/aayushkumar/Desktop/HarmonyOSToDoApp/entry/hvigorfile.ts
[2026-10-06T21:57:14.926] [DEBUG] debug-file - hvigorfile, resolve hvigorfile dependencies in 44 ms 
[2026-10-06T21:57:14.926] [DEBUG] debug-file - project has submodules:entry
[2026-10-06T21:57:14.927] [DEBUG] debug-file - start to load updatedOhPackageInfo to the disk
[2026-10-06T21:57:14.928] [DEBUG] debug-file - load to the disk finished
[2026-10-06T21:57:14.928] [DEBUG] debug-file - Start to initialize dependency information.
[2026-10-06T21:57:14.929] [DEBUG] debug-file - Module HarmonyOSToDoApp Collected Dependency: 
[2026-10-06T21:57:14.929] [DEBUG] debug-file - Module HarmonyOSToDoApp's total dependency: 0
[2026-10-06T21:57:14.930] [DEBUG] debug-file - Start to initialize dependency information.
[2026-10-06T21:57:14.930] [DEBUG] debug-file - Module entry Collected Dependency: 
[2026-10-06T21:57:14.930] [DEBUG] debug-file - Module entry's total dependency: 0
[2026-10-06T21:57:14.932] [DEBUG] debug-file - Configuration phase cost:954 ms 
[2026-10-06T21:57:14.933] [DEBUG] debug-file - Configuration task cost before running: 960 ms 
[2026-10-06T21:57:14.933] [DEBUG] debug-file - Executing task :entry:init
[2026-10-06T21:57:14.933] [DEBUG] debug-file - entry : init cost memory 0.0165252685546875
[2026-10-06T21:57:14.934] [DEBUG] debug-file - runTaskFromQueue task cost before running: 960 ms 
[2026-10-06T21:57:14.934] [INFO] debug-file - Finished :entry:init... after 1 ms 
[2026-10-06T21:57:14.934] [DEBUG] debug-file - Executing task ::init
[2026-10-06T21:57:14.934] [DEBUG] debug-file - HarmonyOSToDoApp : init cost memory 0.014190673828125
[2026-10-06T21:57:14.934] [DEBUG] debug-file - runTaskFromQueue task cost before running: 961 ms 
[2026-10-06T21:57:14.934] [INFO] debug-file - Finished ::init... after 1 ms 
[2026-10-06T21:57:14.935] [DEBUG] debug-file - Obtain build option for module 'entry' target 'default'in this build.
[2026-10-06T21:57:14.937] [DEBUG] debug-file - Cleanup worker 0.
[2026-10-06T21:57:14.937] [DEBUG] debug-file - Worker 0 has been cleaned up.
[2026-10-06T21:57:14.937] [DEBUG] debug-file - Current idle worker size: 1.
[2026-10-06T21:57:14.937] [DEBUG] debug-file - Current resident worker size: 2.
[2026-10-06T21:57:14.937] [DEBUG] debug-file - Cleanup worker 1.
[2026-10-06T21:57:14.937] [DEBUG] debug-file - Worker 1 has been cleaned up.
[2026-10-06T21:57:14.937] [DEBUG] debug-file - Current idle worker size: 0.
[2026-10-06T21:57:14.937] [DEBUG] debug-file - Current resident worker size: 2.
[2026-10-06T21:57:14.937] [DEBUG] debug-file - hvigor build process will be closed.
[2026-10-06T21:57:15.019] [DEBUG] debug-file - worker[0] exits with exit code 1.
[2026-10-06T21:57:15.019] [DEBUG] debug-file - worker[1] exits with exit code 1.
[2026-10-06T21:57:15.031] [DEBUG] debug-file - session manager: send message to worker process.
[2026-10-06T21:57:15.031] [DEBUG] debug-file - session manager: send message to worker process.
[2026-10-06T21:57:15.031] [DEBUG] debug-file - watch worker: worker id should be larger than 0. Nothing will be sent to any worker thread.
[2026-10-06T21:57:15.031] [DEBUG] debug-file - watch worker: worker id should be larger than 0. Nothing will be sent to any worker thread.
[2026-10-06T21:57:42.430] [DEBUG] debug-file - session manager: set active socket. socketId=IyT46Q-muAfnA7DtAAAD
[2026-10-06T21:57:42.433] [DEBUG] debug-file - watch worker: worker id should be larger than 0. Nothing will be sent to any worker thread.
[2026-10-06T21:57:42.434] [DEBUG] debug-file - Workers' log level updated to INFO
[2026-10-06T21:57:42.436] [DEBUG] debug-file - Hvigor init with startParameters:{
  hvigorfileTypeCheck: false,
  parallelExecution: true,
  incrementalExecution: true,
  printStackTrace: false,
  daemon: true,
  analyze: 0,
  logLevel: Level { level: 20000, levelStr: 'INFO', colour: 'green' },
  optimizationStrategy: 'memory',
  hotCompile: undefined,
  hotReloadBuild: undefined,
  customizedParam: undefined
}
[2026-10-06T21:57:42.436] [DEBUG] debug-file - Cache service initialization finished in 1 ms 
[2026-10-06T21:57:42.436] [DEBUG] debug-file - hvigorfile, resolving /Users/aayushkumar/Desktop/HarmonyOSToDoApp/hvigorfile.ts
[2026-10-06T21:57:42.440] [DEBUG] debug-file - hvigorfile, require result:  { default: { plugins: [] } }
[2026-10-06T21:57:42.440] [DEBUG] debug-file - hvigorfile, binding system plugins null
[2026-10-06T21:57:42.441] [DEBUG] debug-file - Starting plugin build process
[2026-10-06T21:57:42.441] [DEBUG] debug-file - App plugin prepare start...
[2026-10-06T21:57:42.441] [DEBUG] debug-file - App plugin prepare end...
[2026-10-06T21:57:42.441] [DEBUG] debug-file - App plugin creating...
[2026-10-06T21:57:42.443] [DEBUG] debug-file - App plugin register hook start...
[2026-10-06T21:57:42.443] [DEBUG] debug-file - App plugin register hook end...
[2026-10-06T21:57:42.443] [DEBUG] debug-file - Plugin build process completed
[2026-10-06T21:57:42.444] [DEBUG] debug-file - Start initialize project's product build option map with build mode debug.
[2026-10-06T21:57:42.444] [DEBUG] debug-file - Picking option from product 'default' with build mode 'debug'.
[2026-10-06T21:57:42.444] [DEBUG] debug-file - Product 'default' build option initialized
[2026-10-06T21:57:42.444] [DEBUG] debug-file - End initialize project's product build option map with build mode 'debug'.
[2026-10-06T21:57:42.444] [DEBUG] debug-file - Obtain build option for product 'default'in this build.
[2026-10-06T21:57:42.444] [DEBUG] debug-file - No signingConfig found, initRemoteHspCache failed.
[2026-10-06T21:57:42.445] [DEBUG] debug-file - Start recording SDK configuration permission data.
[2026-10-06T21:57:42.463] [DEBUG] debug-file - Sdk init in 19 ms 
[2026-10-06T21:57:42.464] [DEBUG] debug-file - Project task initialization takes 2 ms 
[2026-10-06T21:57:42.464] [DEBUG] debug-file - hvigorfile, begin to bind custom plugins...
[2026-10-06T21:57:42.465] [DEBUG] debug-file - hvigorfile, no custom plugins were found in /Users/aayushkumar/Desktop/HarmonyOSToDoApp/hvigorfile.ts
[2026-10-06T21:57:42.465] [DEBUG] debug-file - hvigorfile, resolve finished /Users/aayushkumar/Desktop/HarmonyOSToDoApp/hvigorfile.ts
[2026-10-06T21:57:42.465] [DEBUG] debug-file - hvigorfile, resolving /Users/aayushkumar/Desktop/HarmonyOSToDoApp/entry/hvigorfile.ts
[2026-10-06T21:57:42.468] [DEBUG] debug-file - hvigorfile, require result:  { default: { plugins: [] } }
[2026-10-06T21:57:42.468] [DEBUG] debug-file - hvigorfile, binding system plugins null
[2026-10-06T21:57:42.468] [DEBUG] debug-file - Starting plugin build process
[2026-10-06T21:57:42.468] [DEBUG] debug-file - Hap plugin creating...
[2026-10-06T21:57:42.468] [DEBUG] debug-file - failed to load cangjie to dynamically generate schemas: Error: Cannot find module '@ohos/cangjie-build-support/index'
Require stack:
- /Applications/DevEco-Studio.app/Contents/tools/hvigor/hvigor-ohos-plugin/src/plugin/hooks/cangjie-register.js
- /Applications/DevEco-Studio.app/Contents/tools/hvigor/hvigor-ohos-plugin/src/plugin/strategy/stage-init-strategy.js
- /Applications/DevEco-Studio.app/Contents/tools/hvigor/hvigor-ohos-plugin/src/plugin/builder/abstract-plugin-builder.js
- /Applications/DevEco-Studio.app/Contents/tools/hvigor/hvigor-ohos-plugin/src/plugin/builder/app-plugin-builder.js
- /Applications/DevEco-Studio.app/Contents/tools/hvigor/hvigor-ohos-plugin/src/plugin/factory/plugin-factory.js
- /Applications/DevEco-Studio.app/Contents/tools/hvigor/hvigor-ohos-plugin/index.js
- /Users/aayushkumar/Desktop/HarmonyOSToDoApp/hvigorfile.ts
- /Applications/DevEco-Studio.app/Contents/tools/hvigor/hvigor/src/base/internal/lifecycle/configuration.js
- /Applications/DevEco-Studio.app/Contents/tools/hvigor/hvigor/src/base/boot/index.js
- /Applications/DevEco-Studio.app/Contents/tools/hvigor/hvigor/src/base/daemon/cluster/worker-process-lifecycle.js
- /Applications/DevEco-Studio.app/Contents/tools/hvigor/hvigor/src/base/daemon/process/daemon-process-boot-script.js
[2026-10-06T21:57:42.469] [DEBUG] debug-file - Start initialize module-target build option map, moduleName=entry, buildMode=release
[2026-10-06T21:57:42.469] [DEBUG] debug-file - Target 'default' config initialized
[2026-10-06T21:57:42.469] [DEBUG] debug-file - Module 'entry' target 'default' build option initialized
[2026-10-06T21:57:42.469] [DEBUG] debug-file - End initialize module-target build option map, moduleName=entry
[2026-10-06T21:57:42.469] [DEBUG] debug-file - Start initialize module-target build option map, moduleName=entry, buildMode=debug
[2026-10-06T21:57:42.469] [DEBUG] debug-file - Target 'default' config initialized
[2026-10-06T21:57:42.469] [DEBUG] debug-file - Module 'entry' target 'default' build option initialized
[2026-10-06T21:57:42.469] [DEBUG] debug-file - End initialize module-target build option map, moduleName=entry
[2026-10-06T21:57:42.469] [DEBUG] debug-file - Start initialize module-target build option map, moduleName=entry, buildMode=debug
[2026-10-06T21:57:42.469] [DEBUG] debug-file - Target 'default' config initialized
[2026-10-06T21:57:42.469] [DEBUG] debug-file - Module 'entry' target 'default' build option initialized
[2026-10-06T21:57:42.470] [DEBUG] debug-file - End initialize module-target build option map, moduleName=entry
[2026-10-06T21:57:42.470] [DEBUG] debug-file - Obtain build option for module 'entry' target 'default'in this build.
[2026-10-06T21:57:42.470] [DEBUG] debug-file - Module entry task initialization takes 1 ms 
[2026-10-06T21:57:42.470] [DEBUG] debug-file - Hap plugin register hook start...
[2026-10-06T21:57:42.470] [DEBUG] debug-file - Hap plugin register hook end...
[2026-10-06T21:57:42.471] [DEBUG] debug-file - Plugin build process completed
[2026-10-06T21:57:42.471] [DEBUG] debug-file - hvigorfile, begin to bind custom plugins...
[2026-10-06T21:57:42.471] [DEBUG] debug-file - hvigorfile, no custom plugins were found in /Users/aayushkumar/Desktop/HarmonyOSToDoApp/entry/hvigorfile.ts
[2026-10-06T21:57:42.471] [DEBUG] debug-file - hvigorfile, resolve finished /Users/aayushkumar/Desktop/HarmonyOSToDoApp/entry/hvigorfile.ts
[2026-10-06T21:57:42.517] [DEBUG] debug-file - hvigorfile, resolve hvigorfile dependencies in 46 ms 
[2026-10-06T21:57:42.517] [DEBUG] debug-file - project has submodules:entry
[2026-10-06T21:57:42.518] [DEBUG] debug-file - start to load updatedOhPackageInfo to the disk
[2026-10-06T21:57:42.519] [DEBUG] debug-file - load to the disk finished
[2026-10-06T21:57:42.519] [DEBUG] debug-file - Start to initialize dependency information.
[2026-10-06T21:57:42.519] [DEBUG] debug-file - Module HarmonyOSToDoApp Collected Dependency: 
[2026-10-06T21:57:42.519] [DEBUG] debug-file - Module HarmonyOSToDoApp's total dependency: 0
[2026-10-06T21:57:42.520] [DEBUG] debug-file - Start to initialize dependency information.
[2026-10-06T21:57:42.520] [DEBUG] debug-file - Module entry Collected Dependency: 
[2026-10-06T21:57:42.520] [DEBUG] debug-file - Module entry's total dependency: 0
[2026-10-06T21:57:42.520] [DEBUG] debug-file - Configuration phase cost:85 ms 
[2026-10-06T21:57:42.521] [DEBUG] debug-file - Configuration task cost before running: 87 ms 
[2026-10-06T21:57:42.523] [DEBUG] debug-file - Executing task :entry:default@PreBuild
[2026-10-06T21:57:42.526] [DEBUG] debug-file - Task 'entry:default@PreBuild' cost while wrapping incremental declarations: 1 ms 
[2026-10-06T21:57:42.638] [DEBUG] debug-file - current product is not Atomic service.
[2026-10-06T21:57:42.638] [DEBUG] debug-file - Use tool [darwin: JAVA_HOME, CLASSPATH]
 [
  {
    JAVA_HOME: '/Applications/DevEco-Studio.app/Contents/jbr/Contents/Home'
  },
  { CLASSPATH: undefined }
]
[2026-10-06T21:57:42.638] [DEBUG] debug-file - Use tool [darwin: NODE_HOME]
 [
  {
    NODE_HOME: '/Applications/DevEco-Studio.app/Contents/tools/node/bin'
  }
]
[2026-10-06T21:57:42.639] [DEBUG] debug-file - entry : default@PreBuild cost memory 4.872962951660156
[2026-10-06T21:57:42.639] [DEBUG] debug-file - runTaskFromQueue task cost before running: 205 ms 
[2026-10-06T21:57:42.639] [INFO] debug-file - Finished :entry:default@PreBuild... after 116 ms 
[2026-10-06T21:57:42.640] [DEBUG] debug-file - Executing task :entry:default@CreateModuleInfo
[2026-10-06T21:57:42.640] [DEBUG] debug-file - Task 'entry:default@CreateModuleInfo' cost while wrapping incremental declarations: 1 ms 
[2026-10-06T21:57:42.640] [DEBUG] debug-file - entry : default@CreateModuleInfo cost memory 0.05094146728515625
[2026-10-06T21:57:42.640] [DEBUG] debug-file - runTaskFromQueue task cost before running: 206 ms 
[2026-10-06T21:57:42.640] [INFO] debug-file - Finished :entry:default@CreateModuleInfo... after 1 ms 
[2026-10-06T21:57:42.641] [DEBUG] debug-file - Executing task :entry:default@MergeProfile
[2026-10-06T21:57:42.641] [DEBUG] debug-file - Task 'entry:default@MergeProfile' cost while wrapping incremental declarations: 1 ms 
[2026-10-06T21:57:42.641] [DEBUG] debug-file - Change app api release type with 'Release'
[2026-10-06T21:57:42.642] [DEBUG] debug-file - Change app compile API version with '6.1.1.125'
[2026-10-06T21:57:42.642] [DEBUG] debug-file - Change app target API version with '60101024'
[2026-10-06T21:57:42.642] [DEBUG] debug-file - Change app minimum API version with '40000010'
[2026-10-06T21:57:42.642] [DEBUG] debug-file - Use cli appEnvironment
[2026-10-06T21:57:42.643] [DEBUG] debug-file - entry : default@MergeProfile cost memory 0.24886322021484375
[2026-10-06T21:57:42.643] [DEBUG] debug-file - runTaskFromQueue task cost before running: 209 ms 
[2026-10-06T21:57:42.643] [INFO] debug-file - Finished :entry:default@MergeProfile... after 3 ms 
[2026-10-06T21:57:42.644] [DEBUG] debug-file - Executing task :entry:default@CreateBuildProfile
[2026-10-06T21:57:42.644] [DEBUG] debug-file - Task 'entry:default@CreateBuildProfile' cost while wrapping incremental declarations: 1 ms 
[2026-10-06T21:57:42.645] [DEBUG] debug-file - entry : default@CreateBuildProfile cost memory 0.08222198486328125
[2026-10-06T21:57:42.645] [DEBUG] debug-file - runTaskFromQueue task cost before running: 211 ms 
[2026-10-06T21:57:42.645] [INFO] debug-file - Finished :entry:default@CreateBuildProfile... after 1 ms 
[2026-10-06T21:57:42.645] [DEBUG] debug-file - Executing task :entry:default@PreCheckSyscap
[2026-10-06T21:57:42.645] [DEBUG] debug-file - entry : default@PreCheckSyscap cost memory 0.02765655517578125
[2026-10-06T21:57:42.645] [DEBUG] debug-file - runTaskFromQueue task cost before running: 212 ms 
[2026-10-06T21:57:42.645] [INFO] debug-file - Finished :entry:default@PreCheckSyscap... after 1 ms 
[2026-10-06T21:57:42.646] [DEBUG] debug-file - Executing task :entry:default@GeneratePkgContextInfo
[2026-10-06T21:57:42.650] [DEBUG] debug-file - Task 'entry:default@GeneratePkgContextInfo' cost while wrapping incremental declarations: 1 ms 
[2026-10-06T21:57:42.650] [DEBUG] debug-file - entry : default@GeneratePkgContextInfo cost memory 0.38021087646484375
[2026-10-06T21:57:42.650] [DEBUG] debug-file - runTaskFromQueue task cost before running: 217 ms 
[2026-10-06T21:57:42.650] [INFO] debug-file - Finished :entry:default@GeneratePkgContextInfo... after 5 ms 
[2026-10-06T21:57:42.651] [DEBUG] debug-file - Executing task :entry:default@ProcessProfile
[2026-10-06T21:57:42.652] [DEBUG] debug-file - Task 'entry:default@ProcessProfile' cost while wrapping incremental declarations: 1 ms 
[2026-10-06T21:57:42.652] [DEBUG] debug-file - [
  '/Applications/DevEco-Studio.app/Contents/tools/node/bin/node',
  '/Applications/DevEco-Studio.app/Contents/sdk/default/openharmony/ets/build-tools/ets-loader/bin/ark/ts2abc.js',
  '--target-api-version',
  '10'
]
[2026-10-06T21:57:42.799] [DEBUG] debug-file - 9.0.0.0
[2026-10-06T21:57:42.800] [DEBUG] debug-file - No need to add fake ui ability because of abilityPath does not exist.
[2026-10-06T21:57:42.800] [DEBUG] debug-file - entry : default@ProcessProfile cost memory 0.316009521484375
[2026-10-06T21:57:42.800] [DEBUG] debug-file - runTaskFromQueue task cost before running: 367 ms 
[2026-10-06T21:57:42.801] [INFO] debug-file - Finished :entry:default@ProcessProfile... after 149 ms 
[2026-10-06T21:57:42.801] [DEBUG] debug-file - Executing task :entry:default@ProcessRouterMap
[2026-10-06T21:57:42.802] [DEBUG] debug-file - entry : default@ProcessRouterMap cost memory 0.0675811767578125
[2026-10-06T21:57:42.802] [DEBUG] debug-file - runTaskFromQueue task cost before running: 369 ms 
[2026-10-06T21:57:42.802] [INFO] debug-file - Finished :entry:default@ProcessRouterMap... after 2 ms 
[2026-10-06T21:57:42.803] [DEBUG] debug-file - Executing task :entry:default@ProcessShareConfig
[2026-10-06T21:57:42.804] [DEBUG] debug-file - entry : default@ProcessShareConfig cost memory 0.05912017822265625
[2026-10-06T21:57:42.804] [DEBUG] debug-file - runTaskFromQueue task cost before running: 370 ms 
[2026-10-06T21:57:42.804] [INFO] debug-file - Finished :entry:default@ProcessShareConfig... after 1 ms 
[2026-10-06T21:57:42.805] [DEBUG] debug-file - Executing task :entry:default@ProcessStartupConfig
[2026-10-06T21:57:42.805] [DEBUG] debug-file - Task 'entry:default@ProcessStartupConfig' cost while wrapping incremental declarations: 1 ms 
[2026-10-06T21:57:42.805] [DEBUG] debug-file - entry : default@ProcessStartupConfig cost memory 0.06278228759765625
[2026-10-06T21:57:42.805] [DEBUG] debug-file - runTaskFromQueue task cost before running: 371 ms 
[2026-10-06T21:57:42.805] [INFO] debug-file - Finished :entry:default@ProcessStartupConfig... after 1 ms 
[2026-10-06T21:57:42.806] [DEBUG] debug-file - restool module names: entry; moduleName=entry, taskName=default@PreviewProcessResource
[2026-10-06T21:57:42.806] [DEBUG] debug-file - Executing task :entry:default@PreviewProcessResource
[2026-10-06T21:57:42.806] [DEBUG] debug-file - Task 'entry:default@PreviewProcessResource' cost while wrapping incremental declarations: 1 ms 
[2026-10-06T21:57:42.807] [DEBUG] debug-file - entry : default@PreviewProcessResource cost memory 0.0648345947265625
[2026-10-06T21:57:42.807] [DEBUG] debug-file - runTaskFromQueue task cost before running: 373 ms 
[2026-10-06T21:57:42.807] [INFO] debug-file - Finished :entry:default@PreviewProcessResource... after 1 ms 
[2026-10-06T21:57:42.807] [DEBUG] debug-file - Executing task :entry:default@GenerateLoaderJson
[2026-10-06T21:57:42.808] [DEBUG] debug-file - Task 'entry:default@GenerateLoaderJson' cost while wrapping incremental declarations: 1 ms 
[2026-10-06T21:57:42.811] [DEBUG] debug-file - entry : default@GenerateLoaderJson cost memory 0.48760223388671875
[2026-10-06T21:57:42.811] [DEBUG] debug-file - runTaskFromQueue task cost before running: 377 ms 
[2026-10-06T21:57:42.812] [INFO] debug-file - Finished :entry:default@GenerateLoaderJson... after 4 ms 
[2026-10-06T21:57:42.812] [DEBUG] debug-file - restool module names: entry; moduleName=entry, taskName=default@PreviewCompileResource
[2026-10-06T21:57:42.812] [DEBUG] debug-file - Executing task :entry:default@PreviewCompileResource
[2026-10-06T21:57:42.827] [DEBUG] debug-file - Use tool [/Applications/DevEco-Studio.app/Contents/sdk/default/openharmony/toolchains/restool]
 [
  '/Applications/DevEco-Studio.app/Contents/sdk/default/openharmony/toolchains/restool',
  '-x',
  '/Users/aayushkumar/Desktop/HarmonyOSToDoApp/AppScope/resources',
  '-o',
  '/Users/aayushkumar/Desktop/HarmonyOSToDoApp/entry/.preview/default/intermediates/res/default/app_compiled'
]
[2026-10-06T21:57:42.827] [DEBUG] debug-file - current process  memoryUsage: {
  rss: 273072128,
  heapTotal: 171524096,
  heapUsed: 134892768,
  external: 3567730,
  arrayBuffers: 1520671
} os memoryUsage :15.7607421875
[2026-10-06T21:57:42.868] [DEBUG] debug-file - Info: restool resources compile success.

[2026-10-06T21:57:42.869] [DEBUG] debug-file - Use tool [/Applications/DevEco-Studio.app/Contents/sdk/default/openharmony/toolchains/restool]
 [
  '/Applications/DevEco-Studio.app/Contents/sdk/default/openharmony/toolchains/restool',
  '-x',
  '/Users/aayushkumar/Desktop/HarmonyOSToDoApp/entry/src/main/resources',
  '-o',
  '/Users/aayushkumar/Desktop/HarmonyOSToDoApp/entry/.preview/default/intermediates/res/default/module_compiled'
]
[2026-10-06T21:57:42.869] [DEBUG] debug-file - current process  memoryUsage: {
  rss: 273154048,
  heapTotal: 171524096,
  heapUsed: 135006080,
  external: 3549837,
  arrayBuffers: 617741
} os memoryUsage :15.765213012695312
[2026-10-06T21:57:42.881] [DEBUG] debug-file - Info: restool resources compile success.

[2026-10-06T21:57:42.882] [DEBUG] debug-file - Use tool [/Applications/DevEco-Studio.app/Contents/sdk/default/openharmony/toolchains/restool]
 [
  '/Applications/DevEco-Studio.app/Contents/sdk/default/openharmony/toolchains/restool',
  '-m',
  'entry',
  '-f',
  '-j',
  '/Users/aayushkumar/Desktop/HarmonyOSToDoApp/entry/.preview/default/intermediates/process_profile/default/module.json',
  '-p',
  'c***s',
  '-r',
  '/Users/aayushkumar/Desktop/HarmonyOSToDoApp/entry/.preview/default/generated/r/default/ResourceTable.h',
  '-z',
  '--ids',
  '/Users/aayushkumar/Desktop/HarmonyOSToDoApp/entry/.preview/default/intermediates/res/default/ids_map',
  '-i',
  '/Users/aayushkumar/Desktop/HarmonyOSToDoApp/entry/.preview/default/intermediates/res/default/app_compiled',
  '-i',
  '/Users/aayushkumar/Desktop/HarmonyOSToDoApp/entry/.preview/default/intermediates/res/default/module_compiled',
  '-o',
  '/Users/aayushkumar/Desktop/HarmonyOSToDoApp/entry/.preview/default/intermediates/res/default',
  '--defined-sysids',
  '/Applications/DevEco-Studio.app/Contents/sdk/default/hms/toolchains/id_defined.json'
]
[2026-10-06T21:57:42.882] [DEBUG] debug-file - current process  memoryUsage: {
  rss: 273219584,
  heapTotal: 171524096,
  heapUsed: 135127112,
  external: 3549885,
  arrayBuffers: 617789
} os memoryUsage :15.764846801757812
[2026-10-06T21:57:42.929] [DEBUG] debug-file - Info: hardware concurrency count is : 8
Info: thread count is : 8

[2026-10-06T21:57:42.929] [DEBUG] debug-file - Info: thread pool is started

[2026-10-06T21:57:42.930] [DEBUG] debug-file - Info: thread pool is stopped

[2026-10-06T21:57:42.931] [DEBUG] debug-file - ERROR: command = /Applications/DevEco-Studio.app/Contents/sdk/default/openharmony/toolchains/restool -m entry -f -j /Users/aayushkumar/Desktop/HarmonyOSToDoApp/entry/.preview/default/intermediates/process_profile/default/module.json -p com.scifi.todos -r /Users/aayushkumar/Desktop/HarmonyOSToDoApp/entry/.preview/default/generated/r/default/ResourceTable.h -z --ids /Users/aayushkumar/Desktop/HarmonyOSToDoApp/entry/.preview/default/intermediates/res/default/ids_map -i /Users/aayushkumar/Desktop/HarmonyOSToDoApp/entry/.preview/default/intermediates/res/default/app_compiled -i /Users/aayushkumar/Desktop/HarmonyOSToDoApp/entry/.preview/default/intermediates/res/default/module_compiled -o /Users/aayushkumar/Desktop/HarmonyOSToDoApp/entry/.preview/default/intermediates/res/default --defined-sysids /Applications/DevEco-Studio.app/Contents/sdk/default/hms/toolchains/id_defined.json
[2026-10-06T21:57:42.931] [ERROR] debug-file - Failed :entry:default@PreviewCompileResource... 
[2026-10-06T21:57:42.931] [DEBUG] debug-file - hvigor build process will be closed with an error.
[2026-10-06T21:57:42.941] [DEBUG] debug-file - ERROR: stacktrace = Error: Tools execution failed.
Error Code: 11211120
Error: Resource Pack Error
Error Message: The resource reference '$media:app_icon' is not defined. At file: /Users/aayushkumar/Desktop/HarmonyOSToDoApp/entry/.preview/default/intermediates/process_profile/default/module.json
* Try the following:
  > Check whether the hvigorfile.ts in the project root directory or the module.json5 file in the module directory references undefined resources.
  > Check whether this resource is defined anywhere.
  > More info: https://developer.huawei.com/consumer/en/doc/harmonyos-guides/restool
	 Detail: Please check the message from tools.
    at OhosLogger.errorMessageExit (/Applications/DevEco-Studio.app/Contents/tools/hvigor/hvigor/src/base/log/hvigor-log.js:1:3497)
    at OhosLogger._printErrorAndExit (/Applications/DevEco-Studio.app/Contents/tools/hvigor/hvigor-ohos-plugin/src/utils/log/ohos-logger.js:1:2024)
    at ProcessUtils.handleException (/Applications/DevEco-Studio.app/Contents/tools/hvigor/hvigor-ohos-plugin/src/utils/process-utils.js:1:5247)
    at ProcessUtils.execute (/Applications/DevEco-Studio.app/Contents/tools/hvigor/hvigor-ohos-plugin/src/utils/process-utils.js:1:3547)
    at process.processTicksAndRejections (node:internal/process/task_queues:95:5)
    at async PreviewCompileResource.executeCommand (/Applications/DevEco-Studio.app/Contents/tools/hvigor/hvigor-ohos-plugin/src/tasks/abstract/abstract-compile-resource.js:1:3537)
    at async PreviewCompileResource.compileLink (/Applications/DevEco-Studio.app/Contents/tools/hvigor/hvigor-ohos-plugin/src/tasks/abstract/abstract-previewer-compile-resource.js:1:968)
    at async PreviewCompileResource.previewCompileLink (/Applications/DevEco-Studio.app/Contents/tools/hvigor/hvigor-ohos-plugin/src/tasks/abstract/abstract-previewer-compile-resource.js:1:1364)
    at async PreviewCompileResource.invokeRestool (/Applications/DevEco-Studio.app/Contents/tools/hvigor/hvigor-ohos-plugin/src/tasks/preview-compile-resource.js:1:1557)
    at async PreviewCompileResource.compilationProcess (/Applications/DevEco-Studio.app/Contents/tools/hvigor/hvigor-ohos-plugin/src/tasks/abstract/abstract-compile-resource.js:1:2832)
[2026-10-06T21:57:42.941] [ERROR] debug-file - Error: Tools execution failed.
Error Code: 11211120
Error: Resource Pack Error
Error Message: The resource reference '$media:app_icon' is not defined. At file: /Users/aayushkumar/Desktop/HarmonyOSToDoApp/entry/.preview/default/intermediates/process_profile/default/module.json
* Try the following:
  > Check whether the hvigorfile.ts in the project root directory or the module.json5 file in the module directory references undefined resources.
  > Check whether this resource is defined anywhere.
  > More info: https://developer.huawei.com/consumer/en/doc/harmonyos-guides/restool
	 Detail: Please check the message from tools.
    at OhosLogger.errorMessageExit (/Applications/DevEco-Studio.app/Contents/tools/hvigor/hvigor/src/base/log/hvigor-log.js:1:3497)
    at OhosLogger._printErrorAndExit (/Applications/DevEco-Studio.app/Contents/tools/hvigor/hvigor-ohos-plugin/src/utils/log/ohos-logger.js:1:2024)
    at ProcessUtils.handleException (/Applications/DevEco-Studio.app/Contents/tools/hvigor/hvigor-ohos-plugin/src/utils/process-utils.js:1:5247)
    at ProcessUtils.execute (/Applications/DevEco-Studio.app/Contents/tools/hvigor/hvigor-ohos-plugin/src/utils/process-utils.js:1:3547)
    at process.processTicksAndRejections (node:internal/process/task_queues:95:5)
    at async PreviewCompileResource.executeCommand (/Applications/DevEco-Studio.app/Contents/tools/hvigor/hvigor-ohos-plugin/src/tasks/abstract/abstract-compile-resource.js:1:3537)
    at async PreviewCompileResource.compileLink (/Applications/DevEco-Studio.app/Contents/tools/hvigor/hvigor-ohos-plugin/src/tasks/abstract/abstract-previewer-compile-resource.js:1:968)
    at async PreviewCompileResource.previewCompileLink (/Applications/DevEco-Studio.app/Contents/tools/hvigor/hvigor-ohos-plugin/src/tasks/abstract/abstract-previewer-compile-resource.js:1:1364)
    at async PreviewCompileResource.invokeRestool (/Applications/DevEco-Studio.app/Contents/tools/hvigor/hvigor-ohos-plugin/src/tasks/preview-compile-resource.js:1:1557)
    at async PreviewCompileResource.compilationProcess (/Applications/DevEco-Studio.app/Contents/tools/hvigor/hvigor-ohos-plugin/src/tasks/abstract/abstract-compile-resource.js:1:2832)
[2026-10-06T21:57:42.942] [ERROR] debug-file - BUILD FAILED in 508 ms 
[2026-10-06T21:57:42.942] [DEBUG] debug-file - Update task entry:default@PreBuild input file:/Users/aayushkumar/Desktop/HarmonyOSToDoApp/AppScope/app.json5 cache by regenerate.
[2026-10-06T21:57:42.942] [DEBUG] debug-file - Update task entry:default@PreBuild input file:/Users/aayushkumar/Desktop/HarmonyOSToDoApp/entry/src/main/module.json5 cache by regenerate.
[2026-10-06T21:57:42.942] [DEBUG] debug-file - Update task entry:default@PreBuild input file:/Users/aayushkumar/Desktop/HarmonyOSToDoApp/build-profile.json5 cache by regenerate.
[2026-10-06T21:57:42.943] [DEBUG] debug-file - Update task entry:default@PreBuild input file:/Users/aayushkumar/Desktop/HarmonyOSToDoApp/entry/build-profile.json5 cache by regenerate.
[2026-10-06T21:57:42.943] [DEBUG] debug-file - Update task entry:default@PreBuild input file:/Users/aayushkumar/Desktop/HarmonyOSToDoApp/entry/src/main/resources/base/profile/main_pages.json cache by regenerate.
[2026-10-06T21:57:42.943] [DEBUG] debug-file - Update task entry:default@PreBuild input file:/Users/aayushkumar/Desktop/HarmonyOSToDoApp/hvigor/hvigor-config.json5 cache by regenerate.
[2026-10-06T21:57:42.943] [DEBUG] debug-file - Update task entry:default@PreBuild input file:/Users/aayushkumar/Desktop/HarmonyOSToDoApp/entry/oh-package.json5 cache by regenerate.
[2026-10-06T21:57:42.943] [DEBUG] debug-file - Update task entry:default@PreBuild input file:/Users/aayushkumar/Desktop/HarmonyOSToDoApp/oh-package.json5 cache by regenerate.
[2026-10-06T21:57:42.943] [DEBUG] debug-file - Incremental task entry:default@PreBuild post-execution cost:1 ms .
[2026-10-06T21:57:42.943] [DEBUG] debug-file - Update task entry:default@CreateModuleInfo output file:/Users/aayushkumar/Desktop/HarmonyOSToDoApp/entry/.preview/default/generated/profile/default/ModuleInfo.ts cache.
[2026-10-06T21:57:42.943] [DEBUG] debug-file - Incremental task entry:default@CreateModuleInfo post-execution cost:1 ms .
[2026-10-06T21:57:42.943] [DEBUG] debug-file - Update task entry:default@MergeProfile input file:/Users/aayushkumar/Desktop/HarmonyOSToDoApp/AppScope/app.json5 cache by regenerate.
[2026-10-06T21:57:42.943] [DEBUG] debug-file - Update task entry:default@MergeProfile input file:/Users/aayushkumar/Desktop/HarmonyOSToDoApp/build-profile.json5 cache by regenerate.
[2026-10-06T21:57:42.943] [DEBUG] debug-file - Update task entry:default@MergeProfile input file:/Users/aayushkumar/Desktop/HarmonyOSToDoApp/entry/src/main/module.json5 cache by regenerate.
[2026-10-06T21:57:42.943] [DEBUG] debug-file - Update task entry:default@MergeProfile output file:/Users/aayushkumar/Desktop/HarmonyOSToDoApp/entry/.preview/default/intermediates/merge_profile/default/module.json cache.
[2026-10-06T21:57:42.943] [DEBUG] debug-file - Incremental task entry:default@MergeProfile post-execution cost:1 ms .
[2026-10-06T21:57:42.943] [DEBUG] debug-file - Update task entry:default@CreateBuildProfile input file:/Users/aayushkumar/Desktop/HarmonyOSToDoApp/AppScope/app.json5 cache by regenerate.
[2026-10-06T21:57:42.943] [DEBUG] debug-file - Update task entry:default@CreateBuildProfile input file:/Users/aayushkumar/Desktop/HarmonyOSToDoApp/build-profile.json5 cache by regenerate.
[2026-10-06T21:57:42.944] [DEBUG] debug-file - Update task entry:default@CreateBuildProfile output file:/Users/aayushkumar/Desktop/HarmonyOSToDoApp/entry/.preview/default/generated/profile/default/BuildProfile.ets cache.
[2026-10-06T21:57:42.944] [DEBUG] debug-file - Incremental task entry:default@CreateBuildProfile post-execution cost:1 ms .
[2026-10-06T21:57:42.944] [DEBUG] debug-file - Update task entry:default@GeneratePkgContextInfo output file:/Users/aayushkumar/Desktop/HarmonyOSToDoApp/entry/.preview/default/intermediates/loader/default/pkgContextInfo.json cache.
[2026-10-06T21:57:42.944] [DEBUG] debug-file - Incremental task entry:default@GeneratePkgContextInfo post-execution cost:1 ms .
[2026-10-06T21:57:42.944] [DEBUG] debug-file - Update task entry:default@ProcessProfile input file:/Users/aayushkumar/Desktop/HarmonyOSToDoApp/entry/.preview/default/intermediates/merge_profile/default/module.json cache by regenerate.
[2026-10-06T21:57:42.944] [DEBUG] debug-file - Update task entry:default@ProcessProfile output file:/Users/aayushkumar/Desktop/HarmonyOSToDoApp/entry/.preview/default/intermediates/process_profile/default/module.json cache.
[2026-10-06T21:57:42.944] [DEBUG] debug-file - Incremental task entry:default@ProcessProfile post-execution cost:1 ms .
[2026-10-06T21:57:42.944] [DEBUG] debug-file - Update task entry:default@ProcessRouterMap input file:/Users/aayushkumar/Desktop/HarmonyOSToDoApp/entry/oh-package.json5 cache by regenerate.
[2026-10-06T21:57:42.944] [DEBUG] debug-file - Update task entry:default@ProcessRouterMap input file:/Users/aayushkumar/Desktop/HarmonyOSToDoApp/oh-package.json5 cache by regenerate.
[2026-10-06T21:57:42.944] [DEBUG] debug-file - Update task entry:default@ProcessRouterMap input file:/Users/aayushkumar/Desktop/HarmonyOSToDoApp/entry/src/main/module.json5 cache by regenerate.
[2026-10-06T21:57:42.944] [DEBUG] debug-file - Update task entry:default@ProcessRouterMap output file:/Users/aayushkumar/Desktop/HarmonyOSToDoApp/entry/.preview/default/intermediates/router_map/default/temp-router-map.json cache.
[2026-10-06T21:57:42.944] [DEBUG] debug-file - Update task entry:default@ProcessRouterMap output file:/Users/aayushkumar/Desktop/HarmonyOSToDoApp/entry/.preview/default/intermediates/router_map/default/loader-router-map.json cache.
[2026-10-06T21:57:42.944] [DEBUG] debug-file - Incremental task entry:default@ProcessRouterMap post-execution cost:1 ms .
[2026-10-06T21:57:42.944] [DEBUG] debug-file - Update task entry:default@ProcessShareConfig input file:/Users/aayushkumar/Desktop/HarmonyOSToDoApp/entry/oh-package.json5 cache by regenerate.
[2026-10-06T21:57:42.944] [DEBUG] debug-file - Update task entry:default@ProcessShareConfig input file:/Users/aayushkumar/Desktop/HarmonyOSToDoApp/oh-package.json5 cache by regenerate.
[2026-10-06T21:57:42.944] [DEBUG] debug-file - Update task entry:default@ProcessShareConfig input file:/Users/aayushkumar/Desktop/HarmonyOSToDoApp/entry/src/main/module.json5 cache by regenerate.
[2026-10-06T21:57:42.944] [DEBUG] debug-file - Update task entry:default@ProcessShareConfig output file:/Users/aayushkumar/Desktop/HarmonyOSToDoApp/entry/.preview/default/intermediates/share_config/default/temp-share-config.json cache.
[2026-10-06T21:57:42.944] [DEBUG] debug-file - Incremental task entry:default@ProcessShareConfig post-execution cost:1 ms .
[2026-10-06T21:57:42.944] [DEBUG] debug-file - Update task entry:default@ProcessStartupConfig output file:/Users/aayushkumar/Desktop/HarmonyOSToDoApp/entry/.preview/default/intermediates/startup/default/startup_config.json cache.
[2026-10-06T21:57:42.944] [DEBUG] debug-file - Incremental task entry:default@ProcessStartupConfig post-execution cost:1 ms .
[2026-10-06T21:57:42.945] [DEBUG] debug-file - Update task entry:default@GenerateLoaderJson input file:/Users/aayushkumar/Desktop/HarmonyOSToDoApp/entry/.preview/default/intermediates/router_map/default/temp-router-map.json cache by regenerate.
[2026-10-06T21:57:42.945] [DEBUG] debug-file - Update task entry:default@GenerateLoaderJson output file:/Users/aayushkumar/Desktop/HarmonyOSToDoApp/entry/.preview/default/intermediates/loader/default/loader.json cache.
[2026-10-06T21:57:42.945] [DEBUG] debug-file - Incremental task entry:default@GenerateLoaderJson post-execution cost:1 ms .
[2026-10-06T21:57:42.945] [DEBUG] debug-file - Update task entry:default@PreviewCompileResource input file:/Users/aayushkumar/Desktop/HarmonyOSToDoApp/entry/src/main/resources cache by regenerate.
[2026-10-06T21:57:42.952] [DEBUG] debug-file - Update task entry:default@PreviewCompileResource input file:/Users/aayushkumar/Desktop/HarmonyOSToDoApp/entry/.preview/default/intermediates/merge_profile/default/module.json cache by regenerate.
[2026-10-06T21:57:42.952] [DEBUG] debug-file - Update task entry:default@PreviewCompileResource output file:/Users/aayushkumar/Desktop/HarmonyOSToDoApp/entry/.preview/default/intermediates/res/default cache.
[2026-10-06T21:57:42.952] [DEBUG] debug-file - Update task entry:default@PreviewCompileResource output file:/Users/aayushkumar/Desktop/HarmonyOSToDoApp/entry/.preview/default/generated/r/default cache.
[2026-10-06T21:57:42.952] [DEBUG] debug-file - Incremental task entry:default@PreviewCompileResource post-execution cost:8 ms .
[2026-10-06T21:57:42.956] [DEBUG] debug-file - There's no busy workers and idle workers need cleanup.
[2026-10-06T21:57:42.956] [DEBUG] debug-file - hvigor build process will be closed.
[2026-10-06T21:57:42.959] [DEBUG] debug-file - session manager: send message to worker process.
[2026-10-06T21:57:42.960] [DEBUG] debug-file - session manager: send message to worker process.
[2026-10-06T21:57:42.960] [DEBUG] debug-file - watch worker: worker id should be larger than 0. Nothing will be sent to any worker thread.
[2026-10-06T21:57:42.960] [DEBUG] debug-file - watch worker: worker id should be larger than 0. Nothing will be sent to any worker thread.
